14:55:57.157 DEBUG org.springframework.context.support.AbstractApplicationContext 661 prepareRefresh - Refreshing org.springframework.context.support.ClassPathXmlApplicationContext@674658f7
14:55:57.311 DEBUG org.springframework.beans.factory.xml.XmlBeanDefinitionReader 393 doLoadBeanDefinitions - Loaded 1 bean definitions from class path resource [bean.xml]
14:55:57.342 DEBUG org.springframework.beans.factory.support.DefaultSingletonBeanRegistry 225 getSingleton - Creating shared instance of singleton bean 'user'
14:55:57.383 INFO  com.atguigu.spring6.TestUser 16 testUserObject - 执行调用成功
